// Jest Snapshot v1, https://goo.gl/fbAQLP

exports[`LeftChats 1`] = `
<a
  href="/rooms/undefined"
  onClick={[Function]}
>
  <div
    className="leftpart_chat"
  >
    <div
      className="MuiAvatar-root MuiAvatar-circle MuiAvatar-colorDefault"
    >
      <svg
        aria-hidden={true}
        className="MuiSvgIcon-root MuiAvatar-fallback"
        focusable="false"
        viewBox="0 0 24 24"
      >
        <path
          d="M12 12c2.21 0 4-1.79 4-4s-1.79-4-4-4-4 1.79-4 4 1.79 4 4 4zm0 2c-2.67 0-8 1.34-8 4v2h16v-2c0-2.66-5.33-4-8-4z"
        />
      </svg>
    </div>
    <div
      className="leftpartChat_info"
    >
      <h2 />
      <p />
    </div>
  </div>
</a>
`;

exports[`LeftChats addProp 1`] = `
<div
  className="leftpart_chat"
  onClick={[Function]}
>
  <h2>
    Добавити новий чатік
  </h2>
</div>
`;

exports[`Video 1`] = `
<div>
  <div />
  <div />
</div>
`;
